Archive member included because of file (symbol)

c:/program files/gnu tools arm embedded/4.8 2014q1/bin/../lib/gcc/arm-none-eabi/4.8.3/../../../../arm-none-eabi/lib/armv6-m\libc_s.a(lib_a-exit.o)
                              c:/program files/gnu tools arm embedded/4.8 2014q1/bin/../lib/gcc/arm-none-eabi/4.8.3/../../../../arm-none-eabi/lib/armv6-m/crt0.o (exit)
c:/program files/gnu tools arm embedded/4.8 2014q1/bin/../lib/gcc/arm-none-eabi/4.8.3/../../../../arm-none-eabi/lib/armv6-m\libc_s.a(lib_a-impure.o)
                              c:/program files/gnu tools arm embedded/4.8 2014q1/bin/../lib/gcc/arm-none-eabi/4.8.3/../../../../arm-none-eabi/lib/armv6-m\libc_s.a(lib_a-exit.o) (_global_impure_ptr)
c:/program files/gnu tools arm embedded/4.8 2014q1/bin/../lib/gcc/arm-none-eabi/4.8.3/../../../../arm-none-eabi/lib/armv6-m\libc_s.a(lib_a-init.o)
                              c:/program files/gnu tools arm embedded/4.8 2014q1/bin/../lib/gcc/arm-none-eabi/4.8.3/../../../../arm-none-eabi/lib/armv6-m/crt0.o (__libc_init_array)
c:/program files/gnu tools arm embedded/4.8 2014q1/bin/../lib/gcc/arm-none-eabi/4.8.3/../../../../arm-none-eabi/lib/armv6-m\libc_s.a(lib_a-memset.o)
                              c:/program files/gnu tools arm embedded/4.8 2014q1/bin/../lib/gcc/arm-none-eabi/4.8.3/../../../../arm-none-eabi/lib/armv6-m/crt0.o (memset)
c:/program files/gnu tools arm embedded/4.8 2014q1/bin/../lib/gcc/arm-none-eabi/4.8.3/../../../../arm-none-eabi/lib/armv6-m\libnosys.a(_exit.o)
                              c:/program files/gnu tools arm embedded/4.8 2014q1/bin/../lib/gcc/arm-none-eabi/4.8.3/../../../../arm-none-eabi/lib/armv6-m\libc_s.a(lib_a-exit.o) (_exit)
../components/properitary_rf/esb/gcc/esb_gcc.a(nrf_esb.o)
                              _build/main.o (nrf_esb_enable)
../components/properitary_rf/esb/gcc/esb_gcc.a(nrf_impala.o)
                              ../components/properitary_rf/esb/gcc/esb_gcc.a(nrf_esb.o) (nrf_impl_disable)
../components/properitary_rf/esb/gcc/esb_gcc.a(nrf_link_core.o)
                              ../components/properitary_rf/esb/gcc/esb_gcc.a(nrf_impala.o) (nrf_lcore_start_operation)
../components/properitary_rf/esb/gcc/esb_gcc.a(nrf_notification_manager.o)
                              ../components/properitary_rf/esb/gcc/esb_gcc.a(nrf_impala.o) (nrf_nm_init)
../components/properitary_rf/esb/gcc/esb_gcc.a(nrf_packet_manager.o)
                              ../components/properitary_rf/esb/gcc/esb_gcc.a(nrf_esb.o) (pm_status)
../components/properitary_rf/esb/gcc/esb_gcc.a(nrf_state_machine.o)
                              ../components/properitary_rf/esb/gcc/esb_gcc.a(nrf_impala.o) (nrf_sm_init)
../components/properitary_rf/esb/gcc/esb_gcc.a(nrf_assert_internal.o)
                              ../components/properitary_rf/esb/gcc/esb_gcc.a(nrf_esb.o) (NRF_ASSERT_INTERNAL_parse_and_forward)
../components/properitary_rf/esb/gcc/esb_gcc.a(nrf_channel_manager.o)
                              ../components/properitary_rf/esb/gcc/esb_gcc.a(nrf_impala.o) (nrf_chm_init)
../components/properitary_rf/esb/gcc/esb_gcc.a(nrf_fifo.o)
                              ../components/properitary_rf/esb/gcc/esb_gcc.a(nrf_packet_manager.o) (nrf_fifo_init)
../components/properitary_rf/esb/gcc/esb_gcc.a(nrf_flywheel.o)
                              ../components/properitary_rf/esb/gcc/esb_gcc.a(nrf_impala.o) (nrf_flw_init)
c:/program files/gnu tools arm embedded/4.8 2014q1/bin/../lib/gcc/arm-none-eabi/4.8.3/armv6-m\libgcc.a(_thumb1_case_uqi.o)
                              ../components/properitary_rf/esb/gcc/esb_gcc.a(nrf_esb.o) (__gnu_thumb1_case_uqi)
c:/program files/gnu tools arm embedded/4.8 2014q1/bin/../lib/gcc/arm-none-eabi/4.8.3/armv6-m\libgcc.a(_udivsi3.o)
                              _build/SEGGER_RTT_printf.o (__aeabi_uidiv)
c:/program files/gnu tools arm embedded/4.8 2014q1/bin/../lib/gcc/arm-none-eabi/4.8.3/armv6-m\libgcc.a(_divsi3.o)
                              _build/SEGGER_RTT_printf.o (__aeabi_idiv)
c:/program files/gnu tools arm embedded/4.8 2014q1/bin/../lib/gcc/arm-none-eabi/4.8.3/armv6-m\libgcc.a(_dvmd_tls.o)
                              c:/program files/gnu tools arm embedded/4.8 2014q1/bin/../lib/gcc/arm-none-eabi/4.8.3/armv6-m\libgcc.a(_udivsi3.o) (__aeabi_idiv0)
c:/program files/gnu tools arm embedded/4.8 2014q1/bin/../lib/gcc/arm-none-eabi/4.8.3/../../../../arm-none-eabi/lib/armv6-m\libc_s.a(lib_a-memcpy-stub.o)
                              _build/SEGGER_RTT.o (memcpy)
c:/program files/gnu tools arm embedded/4.8 2014q1/bin/../lib/gcc/arm-none-eabi/4.8.3/../../../../arm-none-eabi/lib/armv6-m\libc_s.a(lib_a-strcpy.o)
                              _build/SEGGER_RTT.o (strcpy)
c:/program files/gnu tools arm embedded/4.8 2014q1/bin/../lib/gcc/arm-none-eabi/4.8.3/../../../../arm-none-eabi/lib/armv6-m\libc_s.a(lib_a-strlen.o)
                              _build/SEGGER_RTT.o (strlen)

Allocating common symbols
Common symbol       size              file

nrf_impl_status     0x1c              ../components/properitary_rf/esb/gcc/esb_gcc.a(nrf_impala.o)
pm_status           0x94              ../components/properitary_rf/esb/gcc/esb_gcc.a(nrf_packet_manager.o)
lcore_config        0x18              ../components/properitary_rf/esb/gcc/esb_gcc.a(nrf_impala.o)
available_packet_count
                    0x4               ../components/properitary_rf/esb/gcc/esb_gcc.a(nrf_fifo.o)
nm_status           0x88              ../components/properitary_rf/esb/gcc/esb_gcc.a(nrf_notification_manager.o)
available_packets   0x18              ../components/properitary_rf/esb/gcc/esb_gcc.a(nrf_fifo.o)
sm_status           0x3               ../components/properitary_rf/esb/gcc/esb_gcc.a(nrf_state_machine.o)
pipe_status         0x30              ../components/properitary_rf/esb/gcc/esb_gcc.a(nrf_fifo.o)
impl_async_state    0x1               ../components/properitary_rf/esb/gcc/esb_gcc.a(nrf_impala.o)
__gnu_lto_v1        0x1               _build/system_nrf51.o
impl_status         0x4               ../components/properitary_rf/esb/gcc/esb_gcc.a(nrf_esb.o)
runstate            0x1               ../components/properitary_rf/esb/gcc/esb_gcc.a(nrf_flywheel.o)
fifo_contents       0xc0              ../components/properitary_rf/esb/gcc/esb_gcc.a(nrf_fifo.o)
nrf_lcore_status    0x24              ../components/properitary_rf/esb/gcc/esb_gcc.a(nrf_link_core.o)
nrf_pm_ack_payload_pending
                    0x8               ../components/properitary_rf/esb/gcc/esb_gcc.a(nrf_packet_manager.o)
impl_internal_params
                    0x34              ../components/properitary_rf/esb/gcc/esb_gcc.a(nrf_impala.o)
packet_pool         0xcc              ../components/properitary_rf/esb/gcc/esb_gcc.a(nrf_fifo.o)
_SEGGER_RTT         0x78              _build/SEGGER_RTT.o

Discarded input sections

 .text          0x00000000        0x0 c:/program files/gnu tools arm embedded/4.8 2014q1/bin/../lib/gcc/arm-none-eabi/4.8.3/armv6-m/crti.o
 .data          0x00000000        0x0 c:/program files/gnu tools arm embedded/4.8 2014q1/bin/../lib/gcc/arm-none-eabi/4.8.3/armv6-m/crti.o
 .bss           0x00000000        0x0 c:/program files/gnu tools arm embedded/4.8 2014q1/bin/../lib/gcc/arm-none-eabi/4.8.3/armv6-m/crti.o
 .text          0x00000000       0x60 c:/program files/gnu tools arm embedded/4.8 2014q1/bin/../lib/gcc/arm-none-eabi/4.8.3/armv6-m/crtbegin.o
 .data          0x00000000        0x4 c:/program files/gnu tools arm embedded/4.8 2014q1/bin/../lib/gcc/arm-none-eabi/4.8.3/armv6-m/crtbegin.o
 .bss           0x00000000       0x1c c:/program files/gnu tools arm embedded/4.8 2014q1/bin/../lib/gcc/arm-none-eabi/4.8.3/armv6-m/crtbegin.o
 .init_array    0x00000000        0x4 c:/program files/gnu tools arm embedded/4.8 2014q1/bin/../lib/gcc/arm-none-eabi/4.8.3/armv6-m/crtbegin.o
 .fini_array    0x00000000        0x4 c:/program files/gnu tools arm embedded/4.8 2014q1/bin/../lib/gcc/arm-none-eabi/4.8.3/armv6-m/crtbegin.o
 .eh_frame      0x00000000        0x0 c:/program files/gnu tools arm embedded/4.8 2014q1/bin/../lib/gcc/arm-none-eabi/4.8.3/armv6-m/crtbegin.o
 .jcr           0x00000000        0x0 c:/program files/gnu tools arm embedded/4.8 2014q1/bin/../lib/gcc/arm-none-eabi/4.8.3/armv6-m/crtbegin.o
 .ARM.attributes
                0x00000000       0x2c c:/program files/gnu tools arm embedded/4.8 2014q1/bin/../lib/gcc/arm-none-eabi/4.8.3/armv6-m/crtbegin.o
 .data          0x00000000        0x0 c:/program files/gnu tools arm embedded/4.8 2014q1/bin/../lib/gcc/arm-none-eabi/4.8.3/../../../../arm-none-eabi/lib/armv6-m/crt0.o
 .bss           0x00000000        0x0 c:/program files/gnu tools arm embedded/4.8 2014q1/bin/../lib/gcc/arm-none-eabi/4.8.3/../../../../arm-none-eabi/lib/armv6-m/crt0.o
 .ARM.extab     0x00000000        0x0 c:/program files/gnu tools arm embedded/4.8 2014q1/bin/../lib/gcc/arm-none-eabi/4.8.3/../../../../arm-none-eabi/lib/armv6-m/crt0.o
 .text          0x00000000        0x0 c:/program files/gnu tools arm embedded/4.8 2014q1/bin/../lib/gcc/arm-none-eabi/4.8.3/../../../../arm-none-eabi/lib/armv6-m\libc_s.a(lib_a-exit.o)
 .data          0x00000000        0x0 c:/program files/gnu tools arm embedded/4.8 2014q1/bin/../lib/gcc/arm-none-eabi/4.8.3/../../../../arm-none-eabi/lib/armv6-m\libc_s.a(lib_a-exit.o)
 .bss           0x00000000        0x0 c:/program files/gnu tools arm embedded/4.8 2014q1/bin/../lib/gcc/arm-none-eabi/4.8.3/../../../../arm-none-eabi/lib/armv6-m\libc_s.a(lib_a-exit.o)
 .text          0x00000000        0x0 c:/program files/gnu tools arm embedded/4.8 2014q1/bin/../lib/gcc/arm-none-eabi/4.8.3/../../../../arm-none-eabi/lib/armv6-m\libc_s.a(lib_a-impure.o)
 .data          0x00000000        0x0 c:/program files/gnu tools arm embedded/4.8 2014q1/bin/../lib/gcc/arm-none-eabi/4.8.3/../../../../arm-none-eabi/lib/armv6-m\libc_s.a(lib_a-impure.o)
 .bss           0x00000000        0x0 c:/program files/gnu tools arm embedded/4.8 2014q1/bin/../lib/gcc/arm-none-eabi/4.8.3/../../../../arm-none-eabi/lib/armv6-m\libc_s.a(lib_a-impure.o)
 .data._impure_ptr
                0x00000000        0x4 c:/program files/gnu tools arm embedded/4.8 2014q1/bin/../lib/gcc/arm-none-eabi/4.8.3/../../../../arm-none-eabi/lib/armv6-m\libc_s.a(lib_a-impure.o)
 .text          0x00000000        0x0 c:/program files/gnu tools arm embedded/4.8 2014q1/bin/../lib/gcc/arm-none-eabi/4.8.3/../../../../arm-none-eabi/lib/armv6-m\libc_s.a(lib_a-init.o)
 .data          0x00000000        0x0 c:/program files/gnu tools arm embedded/4.8 2014q1/bin/../lib/gcc/arm-none-eabi/4.8.3/../../../../arm-none-eabi/lib/armv6-m\libc_s.a(lib_a-init.o)
 .bss           0x00000000        0x0 c:/program files/gnu tools arm embedded/4.8 2014q1/bin/../lib/gcc/arm-none-eabi/4.8.3/../../../../arm-none-eabi/lib/armv6-m\libc_s.a(lib_a-init.o)
 .text          0x00000000        0x0 c:/program files/gnu tools arm embedded/4.8 2014q1/bin/../lib/gcc/arm-none-eabi/4.8.3/../../../../arm-none-eabi/lib/armv6-m\libc_s.a(lib_a-memset.o)
 .data          0x00000000        0x0 c:/program files/gnu tools arm embedded/4.8 2014q1/bin/../lib/gcc/arm-none-eabi/4.8.3/../../../../arm-none-eabi/lib/armv6-m\libc_s.a(lib_a-memset.o)
 .bss           0x00000000        0x0 c:/program files/gnu tools arm embedded/4.8 2014q1/bin/../lib/gcc/arm-none-eabi/4.8.3/../../../../arm-none-eabi/lib/armv6-m\libc_s.a(lib_a-memset.o)
 .text          0x00000000        0x0 c:/program files/gnu tools arm embedded/4.8 2014q1/bin/../lib/gcc/arm-none-eabi/4.8.3/../../../../arm-none-eabi/lib/armv6-m\libnosys.a(_exit.o)
 .data          0x00000000        0x0 c:/program files/gnu tools arm embedded/4.8 2014q1/bin/../lib/gcc/arm-none-eabi/4.8.3/../../../../arm-none-eabi/lib/armv6-m\libnosys.a(_exit.o)
 .bss           0x00000000        0x0 c:/program files/gnu tools arm embedded/4.8 2014q1/bin/../lib/gcc/arm-none-eabi/4.8.3/../../../../arm-none-eabi/lib/armv6-m\libnosys.a(_exit.o)
 .text          0x00000000        0x0 _build/system_nrf51.o
 .data          0x00000000        0x0 _build/system_nrf51.o
 .bss           0x00000000        0x0 _build/system_nrf51.o
 .gnu.lto_.jmpfuncs.a77a9b0d
                0x00000000       0x19 _build/system_nrf51.o
 .gnu.lto_.inline.a77a9b0d
                0x00000000       0x46 _build/system_nrf51.o
 .gnu.lto_.pureconst.a77a9b0d
                0x00000000       0x18 _build/system_nrf51.o
 .gnu.lto_is_manual_peripheral_setup_needed.a77a9b0d
                0x00000000      0x212 _build/system_nrf51.o
 .gnu.lto_is_disabled_in_debug_needed.a77a9b0d
                0x00000000      0x1a5 _build/system_nrf51.o
 .gnu.lto_SystemCoreClockUpdate.a77a9b0d
                0x00000000       0xbe _build/system_nrf51.o
 .gnu.lto_SystemInit.a77a9b0d
                0x00000000      0x170 _build/system_nrf51.o
 .gnu.lto_.symbol_nodes.a77a9b0d
                0x00000000       0x47 _build/system_nrf51.o
 .gnu.lto_.refs.a77a9b0d
                0x00000000       0x14 _build/system_nrf51.o
 .gnu.lto_.decls.a77a9b0d
                0x00000000      0x4b5 _build/system_nrf51.o
 .gnu.lto_.symtab.a77a9b0d
                0x00000000       0x5e _build/system_nrf51.o
 .gnu.lto_.opts
                0x00000000       0x94 _build/system_nrf51.o
 .text.SystemCoreClockUpdate
                0x00000000       0x10 _build/system_nrf51.o
 .data.SystemCoreClock
                0x00000000        0x4 _build/system_nrf51.o
 COMMON         0x00000000        0x1 _build/system_nrf51.o
 .text          0x00000000        0x0 _build/main.o
 .data          0x00000000        0x0 _build/main.o
 .bss           0x00000000        0x0 _build/main.o
 .gnu.lto_.jmpfuncs.a77a950d
                0x00000000       0xb1 _build/main.o
 .gnu.lto_.inline.a77a950d
                0x00000000       0x64 _build/main.o
 .gnu.lto_.pureconst.a77a950d
                0x00000000       0x1a _build/main.o
 .gnu.lto_main.a77a950d
                0x00000000      0x105 _build/main.o
 .gnu.lto_nrf_esb_tx_success.a77a950d
                0x00000000      0x140 _build/main.o
 .gnu.lto_nrf_esb_tx_failed.a77a950d
                0x00000000      0x117 _build/main.o
 .gnu.lto_nrf_esb_rx_data_ready.a77a950d
                0x00000000      0x185 _build/main.o
 .gnu.lto_nrf_esb_disabled.a77a950d
                0x00000000       0x72 _build/main.o
 .gnu.lto_.symbol_nodes.a77a950d
                0x00000000       0x83 _build/main.o
 .gnu.lto_.refs.a77a950d
                0x00000000       0x24 _build/main.o
 .gnu.lto_.decls.a77a950d
                0x00000000      0x6da _build/main.o
 .gnu.lto_.symtab.a77a950d
                0x00000000      0x155 _build/main.o
 .gnu.lto_.opts
                0x00000000       0x94 _build/main.o
 .text          0x00000000        0x0 _build/SEGGER_RTT.o
 .data          0x00000000        0x0 _build/SEGGER_RTT.o
 .bss           0x00000000        0x0 _build/SEGGER_RTT.o
 .gnu.lto_.jmpfuncs.a77aa1fb
                0x00000000      0x101 _build/SEGGER_RTT.o
 .gnu.lto_.inline.a77aa1fb
                0x00000000      0x1ed _build/SEGGER_RTT.o
 .gnu.lto_.pureconst.a77aa1fb
                0x00000000       0x3a _build/SEGGER_RTT.o
 .gnu.lto__WriteNoCheck.a77aa1fb
                0x00000000      0x237 _build/SEGGER_RTT.o
 .gnu.lto__WriteBlocking.a77aa1fb
                0x00000000      0x35c _build/SEGGER_RTT.o
 .gnu.lto__PostTerminalSwitch.a77aa1fb
                0x00000000      0x188 _build/SEGGER_RTT.o
 .gnu.lto__DoInit.a77aa1fb
                0x00000000      0x21a _build/SEGGER_RTT.o
 .gnu.lto_SEGGER_RTT_ReadNoLock.a77aa1fb
                0x00000000      0x3fb _build/SEGGER_RTT.o
 .gnu.lto_SEGGER_RTT_Read.a77aa1fb
                0x00000000      0x1c3 _build/SEGGER_RTT.o
 .gnu.lto_SEGGER_RTT_WriteSkipNoLock.a77aa1fb
                0x00000000      0x34e _build/SEGGER_RTT.o
 .gnu.lto_SEGGER_RTT_WriteNoLock.a77aa1fb
                0x00000000      0x40e _build/SEGGER_RTT.o
 .gnu.lto_SEGGER_RTT_Write.a77aa1fb
                0x00000000      0x222 _build/SEGGER_RTT.o
 .gnu.lto_SEGGER_RTT_WriteString.a77aa1fb
                0x00000000      0x104 _build/SEGGER_RTT.o
 .gnu.lto_SEGGER_RTT_GetKey.a77aa1fb
                0x00000000      0x1a2 _build/SEGGER_RTT.o
 .gnu.lto_SEGGER_RTT_WaitKey.a77aa1fb
                0x00000000      0x115 _build/SEGGER_RTT.o
 .gnu.lto_SEGGER_RTT_HasKey.a77aa1fb
                0x00000000      0x1e5 _build/SEGGER_RTT.o
 .gnu.lto_SEGGER_RTT_HasData.a77aa1fb
                0x00000000      0x156 _build/SEGGER_RTT.o
 .gnu.lto_SEGGER_RTT_ConfigUpBuffer.a77aa1fb
                0x00000000      0x314 _build/SEGGER_RTT.o
 .gnu.lto_SEGGER_RTT_ConfigDownBuffer.a77aa1fb
                0x00000000      0x310 _build/SEGGER_RTT.o
 .gnu.lto_SEGGER_RTT_SetNameUpBuffer.a77aa1fb
                0x00000000      0x293 _build/SEGGER_RTT.o
 .gnu.lto_SEGGER_RTT_SetNameDownBuffer.a77aa1fb
                0x00000000      0x28f _build/SEGGER_RTT.o
 .gnu.lto_SEGGER_RTT_Init.a77aa1fb
                0x00000000      0x108 _build/SEGGER_RTT.o
 .gnu.lto_SEGGER_RTT_SetTerminal.a77aa1fb
                0x00000000      0x30b _build/SEGGER_RTT.o
 .gnu.lto_SEGGER_RTT_TerminalOut.a77aa1fb
                0x00000000      0x5e4 _build/SEGGER_RTT.o
 .gnu.lto_.symbol_nodes.a77aa1fb
                0x00000000      0x15c _build/SEGGER_RTT.o
 .gnu.lto_.refs.a77aa1fb
                0x00000000       0x59 _build/SEGGER_RTT.o
 .gnu.lto_.decls.a77aa1fb
                0x00000000      0xdc3 _build/SEGGER_RTT.o
 .gnu.lto_.symtab.a77aa1fb
                0x00000000      0x2d2 _build/SEGGER_RTT.o
 .gnu.lto_.opts
                0x00000000       0x94 _build/SEGGER_RTT.o
 .text.SEGGER_RTT_ReadNoLock
                0x00000000       0xe0 _build/SEGGER_RTT.o
 .text.SEGGER_RTT_Read
                0x00000000       0xf8 _build/SEGGER_RTT.o
 .text.SEGGER_RTT_WriteSkipNoLock
                0x00000000       0x78 _build/SEGGER_RTT.o
 .text.SEGGER_RTT_WriteNoLock
                0x00000000      0x140 _build/SEGGER_RTT.o
 .text.SEGGER_RTT_WriteString
                0x00000000      0x1b4 _build/SEGGER_RTT.o
 .text.SEGGER_RTT_GetKey
                0x00000000       0xf8 _build/SEGGER_RTT.o
 .text.SEGGER_RTT_WaitKey
                0x00000000      0x100 _build/SEGGER_RTT.o
 .text.SEGGER_RTT_HasKey
                0x00000000       0x6c _build/SEGGER_RTT.o
 .text.SEGGER_RTT_HasData
                0x00000000       0x18 _build/SEGGER_RTT.o
 .text.SEGGER_RTT_ConfigUpBuffer
                0x00000000       0xc8 _build/SEGGER_RTT.o
 .text.SEGGER_RTT_ConfigDownBuffer
                0x00000000       0xc4 _build/SEGGER_RTT.o
 .text.SEGGER_RTT_SetNameUpBuffer
                0x00000000       0x94 _build/SEGGER_RTT.o
 .text.SEGGER_RTT_SetNameDownBuffer
                0x00000000       0x94 _build/SEGGER_RTT.o
 .text.SEGGER_RTT_Init
                0x00000000       0x60 _build/SEGGER_RTT.o
 .text.SEGGER_RTT_SetTerminal
                0x00000000       0xf8 _build/SEGGER_RTT.o
 .text.SEGGER_RTT_TerminalOut
                0x00000000      0x4cc _build/SEGGER_RTT.o
 .bss._ActiveTerminal
                0x00000000        0x1 _build/SEGGER_RTT.o
 .text          0x00000000        0x0 _build/SEGGER_RTT_printf.o
 .data          0x00000000        0x0 _build/SEGGER_RTT_printf.o
 .bss           0x00000000        0x0 _build/SEGGER_RTT_printf.o
 .gnu.lto_.jmpfuncs.a77aa275
                0x00000000       0x7a _build/SEGGER_RTT_printf.o
 .gnu.lto_.inline.a77aa275
                0x00000000      0x179 _build/SEGGER_RTT_printf.o
 .gnu.lto_.pureconst.a77aa275
                0x00000000       0x1a _build/SEGGER_RTT_printf.o
 .gnu.lto__StoreChar.a77aa275
                0x00000000      0x287 _build/SEGGER_RTT_printf.o
 .gnu.lto__PrintUnsigned.a77aa275
                0x00000000      0x5bc _build/SEGGER_RTT_printf.o
 .gnu.lto__PrintInt.a77aa275
                0x00000000      0x5c3 _build/SEGGER_RTT_printf.o
 .gnu.lto_SEGGER_RTT_vprintf.a77aa275
                0x00000000      0xaff _build/SEGGER_RTT_printf.o
 .gnu.lto_SEGGER_RTT_printf.a77aa275
                0x00000000      0x131 _build/SEGGER_RTT_printf.o
 .gnu.lto_.symbol_nodes.a77aa275
                0x00000000       0xcf _build/SEGGER_RTT_printf.o
 .gnu.lto_.refs.a77aa275
                0x00000000       0x13 _build/SEGGER_RTT_printf.o
 .gnu.lto_.decls.a77aa275
                0x00000000      0x7c0 _build/SEGGER_RTT_printf.o
 .gnu.lto_.symtab.a77aa275
                0x00000000       0x63 _build/SEGGER_RTT_printf.o
 .gnu.lto_.opts
                0x00000000       0x94 _build/SEGGER_RTT_printf.o
 .data          0x00000000        0x0 _build/gcc_startup_nrf51.o
 .bss           0x00000000        0x0 _build/gcc_startup_nrf51.o
 .ARM.extab     0x00000000        0x0 _build/gcc_startup_nrf51.o
 .data          0x00000000        0x0 ../components/properitary_rf/esb/gcc/esb_gcc.a(nrf_esb.o)
 .data          0x00000000        0x0 ../components/properitary_rf/esb/gcc/esb_gcc.a(nrf_impala.o)
 .data          0x00000000        0x0 ../components/properitary_rf/esb/gcc/esb_gcc.a(nrf_link_core.o)
 .data          0x00000000        0x0 ../components/properitary_rf/esb/gcc/esb_gcc.a(nrf_notification_manager.o)
 .bss           0x00000000        0x0 ../components/properitary_rf/esb/gcc/esb_gcc.a(nrf_notification_manager.o)
 .data          0x00000000        0x0 ../components/properitary_rf/esb/gcc/esb_gcc.a(nrf_packet_manager.o)
 .bss           0x00000000        0x0 ../components/properitary_rf/esb/gcc/esb_gcc.a(nrf_packet_manager.o)
 .bss           0x00000000        0x0 ../components/properitary_rf/esb/gcc/esb_gcc.a(nrf_state_machine.o)
 .data          0x00000000        0x0 ../components/properitary_rf/esb/gcc/esb_gcc.a(nrf_assert_internal.o)
 .bss           0x00000000        0x0 ../components/properitary_rf/esb/gcc/esb_gcc.a(nrf_assert_internal.o)
 .data          0x00000000        0x0 ../components/properitary_rf/esb/gcc/esb_gcc.a(nrf_channel_manager.o)
 .data          0x00000000        0x0 ../components/properitary_rf/esb/gcc/esb_gcc.a(nrf_fifo.o)
 .bss           0x00000000        0x0 ../components/properitary_rf/esb/gcc/esb_gcc.a(nrf_fifo.o)
 .data          0x00000000        0x0 ../components/properitary_rf/esb/gcc/esb_gcc.a(nrf_flywheel.o)
 .data          0x00000000        0x0 c:/program files/gnu tools arm embedded/4.8 2014q1/bin/../lib/gcc/arm-none-eabi/4.8.3/armv6-m\libgcc.a(_thumb1_case_uqi.o)
 .bss           0x00000000        0x0 c:/program files/gnu tools arm embedded/4.8 2014q1/bin/../lib/gcc/arm-none-eabi/4.8.3/armv6-m\libgcc.a(_thumb1_case_uqi.o)
 .data          0x00000000        0x0 c:/program files/gnu tools arm embedded/4.8 2014q1/bin/../lib/gcc/arm-none-eabi/4.8.3/armv6-m\libgcc.a(_udivsi3.o)
 .bss           0x00000000        0x0 c:/program files/gnu tools arm embedded/4.8 2014q1/bin/../lib/gcc/arm-none-eabi/4.8.3/armv6-m\libgcc.a(_udivsi3.o)
 .data          0x00000000        0x0 c:/program files/gnu tools arm embedded/4.8 2014q1/bin/../lib/gcc/arm-none-eabi/4.8.3/armv6-m\libgcc.a(_divsi3.o)
 .bss           0x00000000        0x0 c:/program files/gnu tools arm embedded/4.8 2014q1/bin/../lib/gcc/arm-none-eabi/4.8.3/armv6-m\libgcc.a(_divsi3.o)
 .data          0x00000000        0x0 c:/program files/gnu tools arm embedded/4.8 2014q1/bin/../lib/gcc/arm-none-eabi/4.8.3/armv6-m\libgcc.a(_dvmd_tls.o)
 .bss           0x00000000        0x0 c:/program files/gnu tools arm embedded/4.8 2014q1/bin/../lib/gcc/arm-none-eabi/4.8.3/armv6-m\libgcc.a(_dvmd_tls.o)
 .text          0x00000000        0x0 c:/program files/gnu tools arm embedded/4.8 2014q1/bin/../lib/gcc/arm-none-eabi/4.8.3/../../../../arm-none-eabi/lib/armv6-m\libc_s.a(lib_a-memcpy-stub.o)
 .data          0x00000000        0x0 c:/program files/gnu tools arm embedded/4.8 2014q1/bin/../lib/gcc/arm-none-eabi/4.8.3/../../../../arm-none-eabi/lib/armv6-m\libc_s.a(lib_a-memcpy-stub.o)
 .bss           0x00000000        0x0 c:/program files/gnu tools arm embedded/4.8 2014q1/bin/../lib/gcc/arm-none-eabi/4.8.3/../../../../arm-none-eabi/lib/armv6-m\libc_s.a(lib_a-memcpy-stub.o)
 .text          0x00000000        0x0 c:/program files/gnu tools arm embedded/4.8 2014q1/bin/../lib/gcc/arm-none-eabi/4.8.3/../../../../arm-none-eabi/lib/armv6-m\libc_s.a(lib_a-strcpy.o)
 .data          0x00000000        0x0 c:/program files/gnu tools arm embedded/4.8 2014q1/bin/../lib/gcc/arm-none-eabi/4.8.3/../../../../arm-none-eabi/lib/armv6-m\libc_s.a(lib_a-strcpy.o)
 .bss           0x00000000        0x0 c:/program files/gnu tools arm embedded/4.8 2014q1/bin/../lib/gcc/arm-none-eabi/4.8.3/../../../../arm-none-eabi/lib/armv6-m\libc_s.a(lib_a-strcpy.o)
 .text          0x00000000        0x0 c:/program files/gnu tools arm embedded/4.8 2014q1/bin/../lib/gcc/arm-none-eabi/4.8.3/../../../../arm-none-eabi/lib/armv6-m\libc_s.a(lib_a-strlen.o)
 .data          0x00000000        0x0 c:/program files/gnu tools arm embedded/4.8 2014q1/bin/../lib/gcc/arm-none-eabi/4.8.3/../../../../arm-none-eabi/lib/armv6-m\libc_s.a(lib_a-strlen.o)
 .bss           0x00000000        0x0 c:/program files/gnu tools arm embedded/4.8 2014q1/bin/../lib/gcc/arm-none-eabi/4.8.3/../../../../arm-none-eabi/lib/armv6-m\libc_s.a(lib_a-strlen.o)
 .text.strlen   0x00000000        0xe c:/program files/gnu tools arm embedded/4.8 2014q1/bin/../lib/gcc/arm-none-eabi/4.8.3/../../../../arm-none-eabi/lib/armv6-m\libc_s.a(lib_a-strlen.o)
 .ARM.attributes
                0x00000000       0x2c c:/program files/gnu tools arm embedded/4.8 2014q1/bin/../lib/gcc/arm-none-eabi/4.8.3/../../../../arm-none-eabi/lib/armv6-m\libc_s.a(lib_a-strlen.o)
 .debug_frame   0x00000000       0x20 c:/program files/gnu tools arm embedded/4.8 2014q1/bin/../lib/gcc/arm-none-eabi/4.8.3/../../../../arm-none-eabi/lib/armv6-m\libc_s.a(lib_a-strlen.o)
 .text          0x00000000        0x0 c:/program files/gnu tools arm embedded/4.8 2014q1/bin/../lib/gcc/arm-none-eabi/4.8.3/armv6-m/crtend.o
 .data          0x00000000        0x0 c:/program files/gnu tools arm embedded/4.8 2014q1/bin/../lib/gcc/arm-none-eabi/4.8.3/armv6-m/crtend.o
 .bss           0x00000000        0x0 c:/program files/gnu tools arm embedded/4.8 2014q1/bin/../lib/gcc/arm-none-eabi/4.8.3/armv6-m/crtend.o
 .eh_frame      0x00000000        0x4 c:/program files/gnu tools arm embedded/4.8 2014q1/bin/../lib/gcc/arm-none-eabi/4.8.3/armv6-m/crtend.o
 .jcr           0x00000000        0x4 c:/program files/gnu tools arm embedded/4.8 2014q1/bin/../lib/gcc/arm-none-eabi/4.8.3/armv6-m/crtend.o
 .ARM.attributes
                0x00000000       0x2c c:/program files/gnu tools arm embedded/4.8 2014q1/bin/../lib/gcc/arm-none-eabi/4.8.3/armv6-m/crtend.o
 .text          0x00000000        0x0 c:/program files/gnu tools arm embedded/4.8 2014q1/bin/../lib/gcc/arm-none-eabi/4.8.3/armv6-m/crtn.o
 .data          0x00000000        0x0 c:/program files/gnu tools arm embedded/4.8 2014q1/bin/../lib/gcc/arm-none-eabi/4.8.3/armv6-m/crtn.o
 .bss           0x00000000        0x0 c:/program files/gnu tools arm embedded/4.8 2014q1/bin/../lib/gcc/arm-none-eabi/4.8.3/armv6-m/crtn.o

Memory Configuration

Name             Origin             Length             Attributes
FLASH            0x00000000         0x00040000         xr
RAM              0x20000000         0x00008000         xrw
*default*        0x00000000         0xffffffff

Linker script and memory map

LOAD c:/program files/gnu tools arm embedded/4.8 2014q1/bin/../lib/gcc/arm-none-eabi/4.8.3/armv6-m/crti.o
LOAD c:/program files/gnu tools arm embedded/4.8 2014q1/bin/../lib/gcc/arm-none-eabi/4.8.3/armv6-m/crtbegin.o
LOAD c:/program files/gnu tools arm embedded/4.8 2014q1/bin/../lib/gcc/arm-none-eabi/4.8.3/../../../../arm-none-eabi/lib/armv6-m/crt0.o
LOAD c:/program files/gnu tools arm embedded/4.8 2014q1/bin/../lib/gcc/arm-none-eabi/4.8.3/../../../../arm-none-eabi/lib/armv6-m\libc_s.a
LOAD c:/program files/gnu tools arm embedded/4.8 2014q1/bin/../lib/gcc/arm-none-eabi/4.8.3/../../../../arm-none-eabi/lib/armv6-m\libnosys.a
LOAD _build/system_nrf51.o
LOAD _build/main.o
LOAD _build/SEGGER_RTT.o
LOAD _build/SEGGER_RTT_printf.o
LOAD _build/gcc_startup_nrf51.o
LOAD ../components/properitary_rf/esb/gcc/esb_gcc.a
START GROUP
LOAD c:/program files/gnu tools arm embedded/4.8 2014q1/bin/../lib/gcc/arm-none-eabi/4.8.3/armv6-m\libgcc.a
LOAD c:/program files/gnu tools arm embedded/4.8 2014q1/bin/../lib/gcc/arm-none-eabi/4.8.3/../../../../arm-none-eabi/lib/armv6-m\libc_s.a
END GROUP
START GROUP
LOAD c:/program files/gnu tools arm embedded/4.8 2014q1/bin/../lib/gcc/arm-none-eabi/4.8.3/armv6-m\libgcc.a
LOAD c:/program files/gnu tools arm embedded/4.8 2014q1/bin/../lib/gcc/arm-none-eabi/4.8.3/../../../../arm-none-eabi/lib/armv6-m\libc_s.a
END GROUP
LOAD c:/program files/gnu tools arm embedded/4.8 2014q1/bin/../lib/gcc/arm-none-eabi/4.8.3/armv6-m/crtend.o
LOAD c:/program files/gnu tools arm embedded/4.8 2014q1/bin/../lib/gcc/arm-none-eabi/4.8.3/armv6-m/crtn.o
START GROUP
LOAD c:/program files/gnu tools arm embedded/4.8 2014q1/bin/../lib/gcc/arm-none-eabi/4.8.3/armv6-m\libgcc.a
LOAD c:/program files/gnu tools arm embedded/4.8 2014q1/bin/../lib/gcc/arm-none-eabi/4.8.3/../../../../arm-none-eabi/lib/armv6-m\libc.a
LOAD c:/program files/gnu tools arm embedded/4.8 2014q1/bin/../lib/gcc/arm-none-eabi/4.8.3/../../../../arm-none-eabi/lib/armv6-m\libnosys.a
END GROUP

.text           0x00000000     0x389c
 *(.Vectors)
 .Vectors       0x00000000       0xc0 _build/gcc_startup_nrf51.o
                0x00000000                __Vectors
 *(.text*)
 .text          0x000000c0       0x78 c:/program files/gnu tools arm embedded/4.8 2014q1/bin/../lib/gcc/arm-none-eabi/4.8.3/../../../../arm-none-eabi/lib/armv6-m/crt0.o
                0x000000c0                _start
                0x000000c0                _mainCRTStartup
 .text.exit     0x00000138       0x2c c:/program files/gnu tools arm embedded/4.8 2014q1/bin/../lib/gcc/arm-none-eabi/4.8.3/../../../../arm-none-eabi/lib/armv6-m\libc_s.a(lib_a-exit.o)
                0x00000138                exit
 .text.__libc_init_array
                0x00000164       0x4c c:/program files/gnu tools arm embedded/4.8 2014q1/bin/../lib/gcc/arm-none-eabi/4.8.3/../../../../arm-none-eabi/lib/armv6-m\libc_s.a(lib_a-init.o)
                0x00000164                __libc_init_array
 .text.memset   0x000001b0       0x10 c:/program files/gnu tools arm embedded/4.8 2014q1/bin/../lib/gcc/arm-none-eabi/4.8.3/../../../../arm-none-eabi/lib/armv6-m\libc_s.a(lib_a-memset.o)
                0x000001b0                memset
 .text._exit    0x000001c0        0x4 c:/program files/gnu tools arm embedded/4.8 2014q1/bin/../lib/gcc/arm-none-eabi/4.8.3/../../../../arm-none-eabi/lib/armv6-m\libnosys.a(_exit.o)
                0x000001c0                _exit
 .text.SystemInit
                0x000001c4       0x8c _build/system_nrf51.o
                0x000001c4                SystemInit
 .text.startup.main
                0x00000250       0x24 _build/main.o
                0x00000250                main
 .text.nrf_esb_tx_success
                0x00000274       0x28 _build/main.o
                0x00000274                nrf_esb_tx_success
 .text.nrf_esb_tx_failed
                0x0000029c       0x24 _build/main.o
                0x0000029c                nrf_esb_tx_failed
 .text.nrf_esb_rx_data_ready
                0x000002c0       0x28 _build/main.o
                0x000002c0                nrf_esb_rx_data_ready
 .text.nrf_esb_disabled
                0x000002e8        0x4 _build/main.o
                0x000002e8                nrf_esb_disabled
 .text.SEGGER_RTT_Write
                0x000002ec      0x1ac _build/SEGGER_RTT.o
                0x000002ec                SEGGER_RTT_Write
 .text._PrintUnsigned
                0x00000498      0x1ec _build/SEGGER_RTT_printf.o
 .text.SEGGER_RTT_vprintf
                0x00000684      0x4dc _build/SEGGER_RTT_printf.o
                0x00000684                SEGGER_RTT_vprintf
 .text.SEGGER_RTT_printf
                0x00000b60       0x1c _build/SEGGER_RTT_printf.o
                0x00000b60                SEGGER_RTT_printf
 .text          0x00000b7c       0x54 _build/gcc_startup_nrf51.o
                0x00000b7c                Reset_Handler
                0x00000bc4                NMI_Handler
                0x00000bc6                HardFault_Handler
                0x00000bc8                SVC_Handler
                0x00000bca                PendSV_Handler
                0x00000bcc                SysTick_Handler
                0x00000bce                GPIOTE_IRQHandler
                0x00000bce                POWER_CLOCK_IRQHandler
                0x00000bce                RTC0_IRQHandler
                0x00000bce                SWI4_IRQHandler
                0x00000bce                TEMP_IRQHandler
                0x00000bce                QDEC_IRQHandler
                0x00000bce                UART0_IRQHandler
                0x00000bce                SWI5_IRQHandler
                0x00000bce                TIMER0_IRQHandler
                0x00000bce                LPCOMP_IRQHandler
                0x00000bce                TIMER1_IRQHandler
                0x00000bce                ECB_IRQHandler
                0x00000bce                Default_Handler
                0x00000bce                ADC_IRQHandler
                0x00000bce                SWI3_IRQHandler
                0x00000bce                CCM_AAR_IRQHandler
                0x00000bce                WDT_IRQHandler
                0x00000bce                SPI0_TWI0_IRQHandler
                0x00000bce                SWI2_IRQHandler
                0x00000bce                RNG_IRQHandler
                0x00000bce                SPI1_TWI1_IRQHandler
                0x00000bce                RTC1_IRQHandler
                0x00000bce                SWI1_IRQHandler
 .text          0x00000bd0      0x5b8 ../components/properitary_rf/esb/gcc/esb_gcc.a(nrf_esb.o)
                0x00000bd0                notification_cb
                0x00000ca0                nrf_esb_enable
                0x00000ca8                nrf_esb_disable
                0x00000cc2                nrf_esb_is_enabled
                0x00000cd0                nrf_esb_add_packet_to_tx_fifo
                0x00000d5c                nrf_esb_fetch_packet_from_rx_fifo
                0x00000da4                nrf_esb_get_tx_fifo_packet_count
                0x00000dac                nrf_esb_get_rx_fifo_packet_count
                0x00000db4                nrf_esb_flush_tx_fifo
                0x00000dbe                nrf_esb_flush_rx_fifo
                0x00000dc8                nrf_esb_get_tx_attempts
                0x00000dd4                nrf_esb_set_mode
                0x00000df0                nrf_esb_get_mode
                0x00000e10                nrf_esb_set_base_address_length
                0x00000e34                nrf_esb_get_base_address_length
                0x00000e5c                nrf_esb_set_base_address_0
                0x00000e78                nrf_esb_get_base_address_0
                0x00000e80                nrf_esb_set_base_address_1
                0x00000e9c                nrf_esb_get_base_address_1
                0x00000ea4                nrf_esb_set_address_prefix_byte
                0x00000ec4                nrf_esb_get_address_prefix_byte
                0x00000eda                nrf_esb_set_enabled_prx_pipes
                0x00000ee4                nrf_esb_get_enabled_prx_pipes
                0x00000eec                nrf_esb_set_retransmit_delay
                0x00000f08                nrf_esb_get_retransmit_delay
                0x00000f10                nrf_esb_set_max_number_of_tx_attempts
                0x00000f2c                nrf_esb_get_max_number_of_tx_attempts
                0x00000f34                nrf_esb_set_channel
                0x00000f5c                nrf_esb_get_channel
                0x00000f68                nrf_esb_set_output_power
                0x00000fa8                nrf_esb_get_output_power
                0x00000ff8                nrf_esb_set_datarate
                0x00001024                nrf_esb_get_datarate
                0x0000104c                nrf_esb_set_crc_length
                0x00001070                nrf_esb_init
                0x000010dc                nrf_esb_get_crc_length
                0x00001104                nrf_esb_set_xosc_ctl
                0x0000111a                nrf_esb_get_xosc_ctl
                0x0000113c                nrf_esb_enable_dyn_ack
                0x00001150                nrf_esb_disable_dyn_ack
                0x00001164                nrf_esb_reuse_pid
                0x00001178                nrf_assert_internal_callback
 .text          0x00001188     0x116c ../components/properitary_rf/esb/gcc/esb_gcc.a(nrf_impala.o)
                0x00001550                nrf_gpio_debug_pin_write
                0x00001552                nrf_impl_disable
                0x0000157c                nrf_impl_is_disabled
                0x0000158c                nrf_impl_get_mode
                0x00001598                nrf_impl_reserve_packet
                0x000015ac                nrf_impl_free_packet
                0x000015c0                nrf_impl_put_tx_fifo
                0x000015f8                nrf_impl_pop_rx_fifo
                0x0000160c                nrf_impl_read_rx_fifo
                0x00001614                nrf_impl_read_tx_fifo
                0x00001628                nrf_impl_get_tx_fifo_status
                0x00001630                nrf_impl_get_rx_fifo_status
                0x00001638                nrf_impl_get_available_fifo_packets
                0x00001640                nrf_impl_flush_tx_fifo
                0x00001674                nrf_impl_flush_rx_fifo
                0x00001688                nrf_impl_set_pipe_0_base_address
                0x000016a8                nrf_impl_get_pipe_0_base_address
                0x000016b4                nrf_impl_set_pipes_1_to_7_base_address
                0x000016d0                nrf_impl_get_pipes_1_to_7_base_address
                0x000016dc                nrf_impl_set_prefix_byte
                0x00001734                nrf_impl_get_prefix_byte
                0x00001754                nrf_impl_set_channel_table
                0x00001788                nrf_impl_set_sync_lifetime
                0x00001794                nrf_impl_get_sync_lifetime
                0x000017a0                nrf_impl_set_base_address_length
                0x000017c8                nrf_impl_get_base_address_length
                0x000017d4                nrf_impl_set_rx_pipes_enabled
                0x000017e0                nrf_impl_get_rx_pipes_enabled
                0x000017ec                nrf_impl_set_timeslot_period
                0x000017f8                nrf_impl_get_timeslot_period
                0x00001804                nrf_impl_set_timeslots_per_channel_when_in_sync
                0x00001814                nrf_impl_get_timeslots_per_channel_when_in_sync
                0x00001820                nrf_impl_set_timeslots_per_channel_when_out_of_sync
                0x00001830                nrf_impl_get_timeslots_per_channel_when_out_of_sync
                0x0000183c                nrf_impl_set_max_allowed_tx_attempts
                0x00001848                nrf_impl_get_max_allowed_tx_attempts
                0x00001854                nrf_impl_set_tx_power
                0x00001870                nrf_impl_get_tx_power
                0x0000187c                nrf_impl_set_crc_length
                0x00001904                nrf_impl_get_crc_length
                0x00001910                nrf_impl_set_datarate
                0x00001b9c                nrf_impl_set_mode
                0x00001bcc                nrf_impl_enable
                0x00001c2c                nrf_impl_init
                0x00001dbc                nrf_impl_get_datarate
                0x00001dc8                nrf_impl_enable_rssi
                0x00001dec                nrf_impl_set_channel_selection_policy
                0x00001df8                nrf_impl_get_channel_selection_policy
                0x00001e04                nrf_impl_set_idle_activity_config
                0x00001e10                nrf_impl_get_idle_activity_config
                0x00001e1c                nrf_impl_set_xosc_ctl
                0x00001e28                nrf_impl_get_xosc_ctl
                0x00001e34                nrf_impl_set_dyn_ack_enable
                0x00001e3c                nrf_impl_state_fun_device_send_packet
                0x00001e80                async_state_rx_active
                0x00001eb4                async_state_rx_enabling
                0x00001f3c                async_state_tx_ack_complete
                0x00001f50                async_state_packet_received
                0x000020f0                nrf_impl_state_fun_timeslot_start
 .text          0x000022f4      0x600 ../components/properitary_rf/esb/gcc/esb_gcc.a(nrf_link_core.o)
                0x000024c8                nrf_lcore_start_operation
                0x00002570                nrf_lcore_rx_address_match
                0x00002580                nrf_lcore_force_disable
                0x000025f0                nrf_lcore_init
                0x00002648                RADIO_IRQHandler
                0x000027f0                TESTONLY_current_state_is_legal
                0x00002814                nrf_lcore_prepare_operation
                0x000028f0                print_lc_debug_info
 .text          0x000028f4      0x108 ../components/properitary_rf/esb/gcc/esb_gcc.a(nrf_notification_manager.o)
                0x000028f4                nrf_nm_init
                0x00002928                nrf_nm_add
                0x0000298c                nrf_nm_get_remaining_space_in_notification_queue
                0x000029a0                SWI0_IRQHandler
 .text          0x000029fc      0x4d4 ../components/properitary_rf/esb/gcc/esb_gcc.a(nrf_packet_manager.o)
                0x00002a30                nrf_pm_init
                0x00002a8c                nrf_pm_get_ack_payload_pending
                0x00002a98                nrf_pm_there_is_ptx_packet_to_be_serviced
                0x00002aa4                nrf_pm_get_current_ptx_pipe
                0x00002ab0                nrf_pm_get_current_ptx_packet
                0x00002abc                nrf_pm_get_current_ptx_ack_ptr
                0x00002ac8                nrf_pm_start_prx
                0x00002b14                nrf_pm_search_for_ptx_pipe_to_service
                0x00002b94                nrf_pm_end_prx
                0x00002ccc                nrf_pm_end_ptx
                0x00002d64                nrf_pm_get_state
                0x00002d70                nrf_pm_put_tx_fifo
                0x00002d96                nrf_pm_read_tx_fifo
                0x00002d9e                nrf_pm_flush_tx_fifo
                0x00002dae                nrf_pm_get_tx_fifo_status
                0x00002db6                nrf_pm_read_rx_fifo
                0x00002dc0                nrf_pm_pop_rx_fifo
                0x00002dca                nrf_pm_flush_rx_fifo
                0x00002dd4                nrf_pm_get_rx_fifo_status
                0x00002dde                nrf_pm_start_ptx
                0x00002e9c                nrf_pm_reserve_packet
                0x00002ea4                nrf_pm_free_packet
                0x00002eac                nrf_pm_get_available_fifo_packets
                0x00002eb4                nrf_pm_set_dyn_ack_status
                0x00002ec0                nrf_pm_get_dyn_ack_status
                0x00002ecc                pm_tx_pipe_to_nrf_fifo_pipe
 .text          0x00002ed0       0x70 ../components/properitary_rf/esb/gcc/esb_gcc.a(nrf_state_machine.o)
                0x00002ed0                nrf_sm_init
                0x00002ee0                nrf_sm_set_next_state
                0x00002efc                nrf_sm_get_current_state
                0x00002f08                nrf_sm_get_prev_state
                0x00002f14                nrf_sm_get_next_state
                0x00002f20                nrf_sm_execute
 .text          0x00002f40        0x8 ../components/properitary_rf/esb/gcc/esb_gcc.a(nrf_assert_internal.o)
                0x00002f40                NRF_ASSERT_INTERNAL_parse_and_forward
 .text          0x00002f48      0x20c ../components/properitary_rf/esb/gcc/esb_gcc.a(nrf_channel_manager.o)
                0x00002f48                nrf_chm_init
                0x00002f68                nrf_chm_execute_single_tick
                0x00002f94                nrf_chm_execute_ticks
                0x00002ff8                nrf_chm_ticks_until_channel_switch
                0x00003008                nrf_chm_ticks_until_desired_channel
                0x00003048                nrf_chm_ticks_until_current_timeslot_in_range
                0x0000308c                nrf_chm_ticks_until_current_timeslot_in_range_on_desired_channel
                0x000030cc                nrf_chm_get_current_channel
                0x000030f4                nrf_chm_set_current_channel_index
                0x00003118                nrf_chm_get_current_channel_index
                0x00003124                nrf_chm_set_current_timeslot
                0x00003148                nrf_chm_get_current_timeslot
 .text          0x00003154      0x294 ../components/properitary_rf/esb/gcc/esb_gcc.a(nrf_fifo.o)
                0x000031a4                nrf_fifo_init
                0x000031f8                nrf_fifo_reserve_packet
                0x00003234                nrf_fifo_free_packet
                0x00003290                nrf_fifo_put_packet
                0x000032fc                nrf_fifo_pop_packet
                0x0000334c                nrf_fifo_read_packet
                0x00003380                nrf_fifo_get_packet_count
                0x000033a0                nrf_fifo_get_available_packet_count
                0x000033ac                nrf_fifo_flush
 .text          0x000033e8      0x258 ../components/properitary_rf/esb/gcc/esb_gcc.a(nrf_flywheel.o)
                0x000033e8                nrf_flw_init
                0x00003460                nrf_flw_start
                0x00003478                nrf_flw_stop
                0x000034b0                nrf_flw_get_runstate
                0x000034bc                nrf_flw_task_is_delayed
                0x000034c8                NRF_flw_prepare_call
                0x000035c4                nrf_flw_get_ext_capture_task
                0x000035cc                nrf_flw_get_flw_call_event
                0x000035d4                TIMER2_IRQHandler
 .text          0x00003640       0x14 c:/program files/gnu tools arm embedded/4.8 2014q1/bin/../lib/gcc/arm-none-eabi/4.8.3/armv6-m\libgcc.a(_thumb1_case_uqi.o)
                0x00003640                __gnu_thumb1_case_uqi
 .text          0x00003654       0x9c c:/program files/gnu tools arm embedded/4.8 2014q1/bin/../lib/gcc/arm-none-eabi/4.8.3/armv6-m\libgcc.a(_udivsi3.o)
                0x00003654                __aeabi_uidiv
                0x00003654                __udivsi3
                0x000036dc                __aeabi_uidivmod
 .text          0x000036f0       0xc0 c:/program files/gnu tools arm embedded/4.8 2014q1/bin/../lib/gcc/arm-none-eabi/4.8.3/armv6-m\libgcc.a(_divsi3.o)
                0x000036f0                __divsi3
                0x000036f0                __aeabi_idiv
                0x0000379c                __aeabi_idivmod
 .text          0x000037b0        0x4 c:/program files/gnu tools arm embedded/4.8 2014q1/bin/../lib/gcc/arm-none-eabi/4.8.3/armv6-m\libgcc.a(_dvmd_tls.o)
                0x000037b0                __aeabi_idiv0
                0x000037b0                __aeabi_ldiv0
 .text.memcpy   0x000037b4       0x12 c:/program files/gnu tools arm embedded/4.8 2014q1/bin/../lib/gcc/arm-none-eabi/4.8.3/../../../../arm-none-eabi/lib/armv6-m\libc_s.a(lib_a-memcpy-stub.o)
                0x000037b4                memcpy
 .text.strcpy   0x000037c6       0x10 c:/program files/gnu tools arm embedded/4.8 2014q1/bin/../lib/gcc/arm-none-eabi/4.8.3/../../../../arm-none-eabi/lib/armv6-m\libc_s.a(lib_a-strcpy.o)
                0x000037c6                strcpy
 *(.init)
 *fill*         0x000037d6        0x2 
 .init          0x000037d8        0x4 c:/program files/gnu tools arm embedded/4.8 2014q1/bin/../lib/gcc/arm-none-eabi/4.8.3/armv6-m/crti.o
                0x000037d8                _init
 .init          0x000037dc        0x8 c:/program files/gnu tools arm embedded/4.8 2014q1/bin/../lib/gcc/arm-none-eabi/4.8.3/armv6-m/crtn.o
 *(.fini)
 .fini          0x000037e4        0x4 c:/program files/gnu tools arm embedded/4.8 2014q1/bin/../lib/gcc/arm-none-eabi/4.8.3/armv6-m/crti.o
                0x000037e4                _fini
 .fini          0x000037e8        0x8 c:/program files/gnu tools arm embedded/4.8 2014q1/bin/../lib/gcc/arm-none-eabi/4.8.3/armv6-m/crtn.o
 *crtbegin.o(.ctors)
 *crtbegin?.o(.ctors)
 *(EXCLUDE_FILE(*crtend.o *crtend?.o) .ctors)
 *(SORT(.ctors.*))
 *(.ctors)
 *crtbegin.o(.dtors)
 *crtbegin?.o(.dtors)
 *(EXCLUDE_FILE(*crtend.o *crtend?.o) .dtors)
 *(SORT(.dtors.*))
 *(.dtors)
 *(.rodata*)
 .rodata.str1.1
                0x000037f0        0x2 c:/program files/gnu tools arm embedded/4.8 2014q1/bin/../lib/gcc/arm-none-eabi/4.8.3/../../../../arm-none-eabi/lib/armv6-m\libc_s.a(lib_a-impure.o)
 *fill*         0x000037f2        0x2 
 .rodata._global_impure_ptr
                0x000037f4        0x4 c:/program files/gnu tools arm embedded/4.8 2014q1/bin/../lib/gcc/arm-none-eabi/4.8.3/../../../../arm-none-eabi/lib/armv6-m\libc_s.a(lib_a-impure.o)
                0x000037f4                _global_impure_ptr
 .rodata.str1.4
                0x000037f8       0x49 _build/main.o
                                 0x4c (size before relaxing)
 *fill*         0x00003841        0x3 
 .rodata.str1.4
                0x00003844       0x18 _build/SEGGER_RTT.o
 .rodata._aV2C.4274
                0x0000385c       0x10 _build/SEGGER_RTT_printf.o
 .rodata        0x0000386c       0x30 ../components/properitary_rf/esb/gcc/esb_gcc.a(nrf_link_core.o)
 *(.eh_frame*)

.glue_7         0x0000389c        0x0
 .glue_7        0x00000000        0x0 linker stubs

.glue_7t        0x0000389c        0x0
 .glue_7t       0x00000000        0x0 linker stubs

.vfp11_veneer   0x0000389c        0x0
 .vfp11_veneer  0x00000000        0x0 linker stubs

.v4_bx          0x0000389c        0x0
 .v4_bx         0x00000000        0x0 linker stubs

.iplt           0x0000389c        0x0
 .iplt          0x00000000        0x0 c:/program files/gnu tools arm embedded/4.8 2014q1/bin/../lib/gcc/arm-none-eabi/4.8.3/armv6-m/crtbegin.o

.ARM.extab
 *(.ARM.extab* .gnu.linkonce.armextab.*)
                0x0000389c                __exidx_start = .

.ARM.exidx      0x0000389c        0x8
 *(.ARM.exidx* .gnu.linkonce.armexidx.*)
 .ARM.exidx     0x0000389c        0x8 c:/program files/gnu tools arm embedded/4.8 2014q1/bin/../lib/gcc/arm-none-eabi/4.8.3/../../../../arm-none-eabi/lib/armv6-m/crt0.o
 .ARM.exidx     0x000038a4        0x0 _build/gcc_startup_nrf51.o
                                  0x8 (size before relaxing)
                0x000038a4                __exidx_end = .
                0x000038a4                __etext = .

.rel.dyn        0x000038a4        0x0
 .rel.iplt      0x00000000        0x0 c:/program files/gnu tools arm embedded/4.8 2014q1/bin/../lib/gcc/arm-none-eabi/4.8.3/armv6-m/crtbegin.o

.data           0x20000000       0x68 load address 0x000038a4
                0x20000000                __data_start__ = .
 *(vtable)
 *(.data*)
 .data.impure_data
                0x20000000       0x60 c:/program files/gnu tools arm embedded/4.8 2014q1/bin/../lib/gcc/arm-none-eabi/4.8.3/../../../../arm-none-eabi/lib/armv6-m\libc_s.a(lib_a-impure.o)
 .data          0x20000060        0x8 ../components/properitary_rf/esb/gcc/esb_gcc.a(nrf_state_machine.o)
                0x20000060                state_functions
                0x20000068                . = ALIGN (0x4)
                0x20000068                PROVIDE (__preinit_array_start, .)
 *(.preinit_array)
                0x20000068                PROVIDE (__preinit_array_end, .)
                0x20000068                . = ALIGN (0x4)
                0x20000068                PROVIDE (__init_array_start, .)
 *(SORT(.init_array.*))
 *(.init_array)
                0x20000068                PROVIDE (__init_array_end, .)
                0x20000068                . = ALIGN (0x4)
                0x20000068                PROVIDE (__fini_array_start, .)
 *(SORT(.fini_array.*))
 *(.fini_array)
                0x20000068                PROVIDE (__fini_array_end, .)
 *(.jcr)
                0x20000068                . = ALIGN (0x4)
                0x20000068                __data_end__ = .

.igot.plt       0x20000068        0x0 load address 0x0000390c
 .igot.plt      0x00000000        0x0 c:/program files/gnu tools arm embedded/4.8 2014q1/bin/../lib/gcc/arm-none-eabi/4.8.3/armv6-m/crtbegin.o

.bss            0x20000068      0x894 load address 0x0000390c
                0x20000068                . = ALIGN (0x4)
                0x20000068                __bss_start__ = .
 *(.bss*)
 .bss.my_rx_payload
                0x20000068       0x20 _build/main.o
 .bss.my_tx_payload
                0x20000088       0x20 _build/main.o
 .bss._acDownBuffer
                0x200000a8       0x10 _build/SEGGER_RTT.o
 .bss._acUpBuffer
                0x200000b8      0x400 _build/SEGGER_RTT.o
 .bss           0x200004b8        0xc ../components/properitary_rf/esb/gcc/esb_gcc.a(nrf_esb.o)
                0x200004c0                assert_count
 .bss           0x200004c4       0x10 ../components/properitary_rf/esb/gcc/esb_gcc.a(nrf_impala.o)
 .bss           0x200004d4        0x4 ../components/properitary_rf/esb/gcc/esb_gcc.a(nrf_link_core.o)
 .bss           0x200004d8        0xc ../components/properitary_rf/esb/gcc/esb_gcc.a(nrf_channel_manager.o)
 .bss           0x200004e4        0x8 ../components/properitary_rf/esb/gcc/esb_gcc.a(nrf_flywheel.o)
 *(COMMON)
 COMMON         0x200004ec       0x78 _build/SEGGER_RTT.o
                0x200004ec                _SEGGER_RTT
 COMMON         0x20000564        0x4 ../components/properitary_rf/esb/gcc/esb_gcc.a(nrf_esb.o)
                0x20000564                impl_status
 COMMON         0x20000568       0x6c ../components/properitary_rf/esb/gcc/esb_gcc.a(nrf_impala.o)
                0x20000568                nrf_impl_status
                0x20000584                lcore_config
                0x2000059c                impl_async_state
                0x200005a0                impl_internal_params
 COMMON         0x200005d4       0x24 ../components/properitary_rf/esb/gcc/esb_gcc.a(nrf_link_core.o)
                0x200005d4                nrf_lcore_status
 COMMON         0x200005f8       0x88 ../components/properitary_rf/esb/gcc/esb_gcc.a(nrf_notification_manager.o)
                0x200005f8                nm_status
 COMMON         0x20000680       0x9c ../components/properitary_rf/esb/gcc/esb_gcc.a(nrf_packet_manager.o)
                0x20000680                pm_status
                0x20000714                nrf_pm_ack_payload_pending
 COMMON         0x2000071c        0x3 ../components/properitary_rf/esb/gcc/esb_gcc.a(nrf_state_machine.o)
                0x2000071c                sm_status
 *fill*         0x2000071f        0x1 
 COMMON         0x20000720      0x1d8 ../components/properitary_rf/esb/gcc/esb_gcc.a(nrf_fifo.o)
                0x20000720                available_packet_count
                0x20000724                available_packets
                0x2000073c                pipe_status
                0x2000076c                fifo_contents
                0x2000082c                packet_pool
 COMMON         0x200008f8        0x1 ../components/properitary_rf/esb/gcc/esb_gcc.a(nrf_flywheel.o)
                0x200008f8                runstate
                0x200008fc                . = ALIGN (0x4)
 *fill*         0x200008f9        0x3 
                0x200008fc                __bss_end__ = .

.heap           0x20000900      0x800
                0x20000900                __end__ = .
                0x20000900                end = __end__
 *(.heap*)
 .heap          0x20000900      0x800 _build/gcc_startup_nrf51.o
                0x20000900                __HeapBase
                0x20001100                __HeapLimit = .

.stack_dummy    0x20000900      0x800
 *(.stack*)
 .stack         0x20000900      0x800 _build/gcc_startup_nrf51.o
                0x20008000                __StackTop = (ORIGIN (RAM) + 0x8000)
                0x20007800                __StackLimit = (__StackTop - SIZEOF (.stack_dummy))
                0x20008000                PROVIDE (__stack, __StackTop)
                0x00000001                ASSERT ((__StackLimit >= __HeapLimit), region RAM overflowed with stack)
OUTPUT(_build/nrf51822_xxac.out elf32-littlearm)

.ARM.attributes
                0x00000000       0x28
 .ARM.attributes
                0x00000000       0x1e c:/program files/gnu tools arm embedded/4.8 2014q1/bin/../lib/gcc/arm-none-eabi/4.8.3/armv6-m/crti.o
 .ARM.attributes
                0x0000001e       0x1b c:/program files/gnu tools arm embedded/4.8 2014q1/bin/../lib/gcc/arm-none-eabi/4.8.3/../../../../arm-none-eabi/lib/armv6-m/crt0.o
 .ARM.attributes
                0x00000039       0x2c c:/program files/gnu tools arm embedded/4.8 2014q1/bin/../lib/gcc/arm-none-eabi/4.8.3/../../../../arm-none-eabi/lib/armv6-m\libc_s.a(lib_a-exit.o)
 .ARM.attributes
                0x00000065       0x2c c:/program files/gnu tools arm embedded/4.8 2014q1/bin/../lib/gcc/arm-none-eabi/4.8.3/../../../../arm-none-eabi/lib/armv6-m\libc_s.a(lib_a-impure.o)
 .ARM.attributes
                0x00000091       0x2c c:/program files/gnu tools arm embedded/4.8 2014q1/bin/../lib/gcc/arm-none-eabi/4.8.3/../../../../arm-none-eabi/lib/armv6-m\libc_s.a(lib_a-init.o)
 .ARM.attributes
                0x000000bd       0x2c c:/program files/gnu tools arm embedded/4.8 2014q1/bin/../lib/gcc/arm-none-eabi/4.8.3/../../../../arm-none-eabi/lib/armv6-m\libc_s.a(lib_a-memset.o)
 .ARM.attributes
                0x000000e9       0x2c c:/program files/gnu tools arm embedded/4.8 2014q1/bin/../lib/gcc/arm-none-eabi/4.8.3/../../../../arm-none-eabi/lib/armv6-m\libnosys.a(_exit.o)
 .ARM.attributes
                0x00000115       0x31 _build/system_nrf51.o
 .ARM.attributes
                0x00000146       0x31 _build/main.o
 .ARM.attributes
                0x00000177       0x31 _build/SEGGER_RTT.o
 .ARM.attributes
                0x000001a8       0x31 _build/SEGGER_RTT_printf.o
 .ARM.attributes
                0x000001d9       0x1b _build/gcc_startup_nrf51.o
 .ARM.attributes
                0x000001f4       0x31 ../components/properitary_rf/esb/gcc/esb_gcc.a(nrf_esb.o)
 .ARM.attributes
                0x00000225       0x31 ../components/properitary_rf/esb/gcc/esb_gcc.a(nrf_impala.o)
 .ARM.attributes
                0x00000256       0x31 ../components/properitary_rf/esb/gcc/esb_gcc.a(nrf_link_core.o)
 .ARM.attributes
                0x00000287       0x31 ../components/properitary_rf/esb/gcc/esb_gcc.a(nrf_notification_manager.o)
 .ARM.attributes
                0x000002b8       0x31 ../components/properitary_rf/esb/gcc/esb_gcc.a(nrf_packet_manager.o)
 .ARM.attributes
                0x000002e9       0x31 ../components/properitary_rf/esb/gcc/esb_gcc.a(nrf_state_machine.o)
 .ARM.attributes
                0x0000031a       0x31 ../components/properitary_rf/esb/gcc/esb_gcc.a(nrf_assert_internal.o)
 .ARM.attributes
                0x0000034b       0x31 ../components/properitary_rf/esb/gcc/esb_gcc.a(nrf_channel_manager.o)
 .ARM.attributes
                0x0000037c       0x31 ../components/properitary_rf/esb/gcc/esb_gcc.a(nrf_fifo.o)
 .ARM.attributes
                0x000003ad       0x31 ../components/properitary_rf/esb/gcc/esb_gcc.a(nrf_flywheel.o)
 .ARM.attributes
                0x000003de       0x1e c:/program files/gnu tools arm embedded/4.8 2014q1/bin/../lib/gcc/arm-none-eabi/4.8.3/armv6-m\libgcc.a(_thumb1_case_uqi.o)
 .ARM.attributes
                0x000003fc       0x1e c:/program files/gnu tools arm embedded/4.8 2014q1/bin/../lib/gcc/arm-none-eabi/4.8.3/armv6-m\libgcc.a(_udivsi3.o)
 .ARM.attributes
                0x0000041a       0x1e c:/program files/gnu tools arm embedded/4.8 2014q1/bin/../lib/gcc/arm-none-eabi/4.8.3/armv6-m\libgcc.a(_divsi3.o)
 .ARM.attributes
                0x00000438       0x1e c:/program files/gnu tools arm embedded/4.8 2014q1/bin/../lib/gcc/arm-none-eabi/4.8.3/armv6-m\libgcc.a(_dvmd_tls.o)
 .ARM.attributes
                0x00000456       0x2c c:/program files/gnu tools arm embedded/4.8 2014q1/bin/../lib/gcc/arm-none-eabi/4.8.3/../../../../arm-none-eabi/lib/armv6-m\libc_s.a(lib_a-memcpy-stub.o)
 .ARM.attributes
                0x00000482       0x2c c:/program files/gnu tools arm embedded/4.8 2014q1/bin/../lib/gcc/arm-none-eabi/4.8.3/../../../../arm-none-eabi/lib/armv6-m\libc_s.a(lib_a-strcpy.o)
 .ARM.attributes
                0x000004ae       0x1e c:/program files/gnu tools arm embedded/4.8 2014q1/bin/../lib/gcc/arm-none-eabi/4.8.3/armv6-m/crtn.o

.comment        0x00000000       0xe0
 .comment       0x00000000       0x70 _build/system_nrf51.o
                                 0x71 (size before relaxing)
 .comment       0x00000000       0x71 _build/main.o
 .comment       0x00000000       0x71 _build/SEGGER_RTT.o
 .comment       0x00000000       0x71 _build/SEGGER_RTT_printf.o
 .comment       0x00000070       0x70 ../components/properitary_rf/esb/gcc/esb_gcc.a(nrf_esb.o)
                                 0x71 (size before relaxing)
 .comment       0x00000000       0x71 ../components/properitary_rf/esb/gcc/esb_gcc.a(nrf_impala.o)
 .comment       0x00000000       0x71 ../components/properitary_rf/esb/gcc/esb_gcc.a(nrf_link_core.o)
 .comment       0x00000000       0x71 ../components/properitary_rf/esb/gcc/esb_gcc.a(nrf_notification_manager.o)
 .comment       0x00000000       0x71 ../components/properitary_rf/esb/gcc/esb_gcc.a(nrf_packet_manager.o)
 .comment       0x00000000       0x71 ../components/properitary_rf/esb/gcc/esb_gcc.a(nrf_state_machine.o)
 .comment       0x00000000       0x71 ../components/properitary_rf/esb/gcc/esb_gcc.a(nrf_assert_internal.o)
 .comment       0x00000000       0x71 ../components/properitary_rf/esb/gcc/esb_gcc.a(nrf_channel_manager.o)
 .comment       0x00000000       0x71 ../components/properitary_rf/esb/gcc/esb_gcc.a(nrf_fifo.o)
 .comment       0x00000000       0x71 ../components/properitary_rf/esb/gcc/esb_gcc.a(nrf_flywheel.o)

.debug_frame    0x00000000      0x11c
 .debug_frame   0x00000000       0x28 c:/program files/gnu tools arm embedded/4.8 2014q1/bin/../lib/gcc/arm-none-eabi/4.8.3/../../../../arm-none-eabi/lib/armv6-m\libc_s.a(lib_a-exit.o)
 .debug_frame   0x00000028       0x2c c:/program files/gnu tools arm embedded/4.8 2014q1/bin/../lib/gcc/arm-none-eabi/4.8.3/../../../../arm-none-eabi/lib/armv6-m\libc_s.a(lib_a-init.o)
 .debug_frame   0x00000054       0x20 c:/program files/gnu tools arm embedded/4.8 2014q1/bin/../lib/gcc/arm-none-eabi/4.8.3/../../../../arm-none-eabi/lib/armv6-m\libc_s.a(lib_a-memset.o)
 .debug_frame   0x00000074       0x20 c:/program files/gnu tools arm embedded/4.8 2014q1/bin/../lib/gcc/arm-none-eabi/4.8.3/../../../../arm-none-eabi/lib/armv6-m\libnosys.a(_exit.o)
 .debug_frame   0x00000094       0x20 c:/program files/gnu tools arm embedded/4.8 2014q1/bin/../lib/gcc/arm-none-eabi/4.8.3/armv6-m\libgcc.a(_udivsi3.o)
 .debug_frame   0x000000b4       0x20 c:/program files/gnu tools arm embedded/4.8 2014q1/bin/../lib/gcc/arm-none-eabi/4.8.3/armv6-m\libgcc.a(_divsi3.o)
 .debug_frame   0x000000d4       0x28 c:/program files/gnu tools arm embedded/4.8 2014q1/bin/../lib/gcc/arm-none-eabi/4.8.3/../../../../arm-none-eabi/lib/armv6-m\libc_s.a(lib_a-memcpy-stub.o)
 .debug_frame   0x000000fc       0x20 c:/program files/gnu tools arm embedded/4.8 2014q1/bin/../lib/gcc/arm-none-eabi/4.8.3/../../../../arm-none-eabi/lib/armv6-m\libc_s.a(lib_a-strcpy.o)
